src/components/features/DocumentEditor/RichTextCanvas.tsx(5,19): error TS2307: Cannot find module '@tiptap/extension-table' or its corresponding type declarations.
src/components/features/DocumentEditor/RichTextCanvas.tsx(6,23): error TS2307: Cannot find module '@tiptap/extension-table-cell' or its corresponding type declarations.
src/components/features/DocumentEditor/RichTextCanvas.tsx(7,25): error TS2307: Cannot find module '@tiptap/extension-table-header' or its corresponding type declarations.
src/components/features/DocumentEditor/RichTextCanvas.tsx(8,22): error TS2307: Cannot find module '@tiptap/extension-table-row' or its corresponding type declarations.
src/components/features/DocumentEditor/RichTextCanvas.tsx(9,23): error TS2307: Cannot find module '@tiptap/extension-text-align' or its corresponding type declarations.
src/components/features/DocumentEditor/RichTextCanvas.tsx(10,23): error TS2307: Cannot find module '@tiptap/extension-text-style' or its corresponding type declarations.
src/components/features/DocumentEditor/RichTextCanvas.tsx(11,19): error TS2307: Cannot find module '@tiptap/extension-color' or its corresponding type declarations.
src/components/features/DocumentEditor/RichTextCanvas.tsx(12,24): error TS2307: Cannot find module '@tiptap/extension-font-family' or its corresponding type declarations.
src/components/features/DocumentEditor/RichTextCanvas.tsx(15,10): error TS6133: 'useEffect' is declared but its value is never read.
